// Jest Snapshot v1, https://goo.gl/fbAQLP

exports[`Button rendered 1`] = `
<button
  className="sc-bdfBwQ fwycA-D"
>
  invest
</button>
`;
